<html>
<body>
<pre>
<h1>µVision Build Log</h1>
<h2>Tool Versions:</h2>
IDE-Version: ¶ÃVision V5.14.0.0
Copyright (C) 2015 ARM Ltd and ARM Germany GmbH. All rights reserved.
License Information: eti eti, eti, LIC=KIVRA-1FENA-8YZVV-P3LGW-2CWLU-BCJ4K
 
Tool Versions:
Toolchain:       MDK-ARM Professional  Version: 5.14.0.0
Toolchain Path:  C:\Keil_v5\ARM\ARMCC\Bin
C Compiler:      Armcc.exe V5.05 update 1 (build 106)
Assembler:       Armasm.exe V5.05 update 1 (build 106)
Linker/Locator:  ArmLink.exe V5.05 update 1 (build 106)
Library Manager: ArmAr.exe V5.05 update 1 (build 106)
Hex Converter:   FromElf.exe V5.05 update 1 (build 106)
CPU DLL:         SARMCM3.DLL V5.14.0.0
Dialog DLL:      DCM.DLL V1.13.1.0
Target DLL:      CMSIS_AGDI.dll V1.21.0.0
Dialog DLL:      TCM.DLL V1.14.4.0
 
<h2>Project:</h2>
C:\Users\Administrator\Desktop\emWin ±÷”\Project\STM32F429.uvprojx
Project File Date:  05/16/2017

<h2>Output:</h2>
Build target 'UCOS'
compiling main.c...
compiling stm32f4xx_it.c...
compiling GUI_Picture.c...
..\MY\GUI_Picture.c(1252): warning:  #1-D: last line of file ends without a newline
  };
..\MY\GUI_Picture.c: 1 warning, 0 errors
compiling GUI_emWinSkin.c...
compiling GUI_time.c...
..\MY\GUI_time.c(280): warning:  #550-D: variable "hDlg" was set but never used
        WM_HWIN hDlg;
..\MY\GUI_time.c(281): warning:  #177-D: variable "NCode" was declared but never referenced
        int NCode;
..\MY\GUI_time.c(282): warning:  #177-D: variable "ID" was declared but never referenced
        int ID;
..\MY\GUI_time.c(572): warning:  #177-D: variable "hWin" was declared but never referenced
      WM_HWIN hWin = pMsg->hWin;
..\MY\GUI_time.c: 4 warnings, 0 errors
compiling bsp.c...
compiling led.c...
compiling adc.c...
compiling lcd_pwm.c...
compiling lcd_rgb.c...
compiling rtc.c...
compiling sdram.c...
compiling timer.c...
compiling touch.c...
compiling usart.c...
assembling startup_stm32f429_439xx.s...
compiling system_stm32f4xx.c...
compiling misc.c...
compiling stm32f4xx_gpio.c...
compiling stm32f4xx_rcc.c...
compiling stm32f4xx_crc.c...
compiling stm32f4xx_dma2d.c...
compiling stm32f4xx_fmc.c...
compiling stm32f4xx_ltdc.c...
compiling stm32f4xx_tim.c...
compiling stm32f4xx_usart.c...
compiling stm32f4xx_dma.c...
compiling stm32f4xx_sdio.c...
compiling stm32f4xx_exti.c...
compiling stm32f4xx_pwr.c...
compiling stm32f4xx_rtc.c...
compiling stm32f4xx_adc.c...
compiling GUIConf.c...
compiling GUI_X_OS.c...
compiling emWin_Drive.c...
compiling GUI_Touch.c...
compiling cpu_core.c...
compiling cpu_c.c...
assembling cpu_a.asm...
compiling lib_ascii.c...
compiling lib_math.c...
compiling lib_mem.c...
compiling lib_str.c...
assembling lib_mem_a.asm...
compiling os_cfg_app.c...
compiling os_core.c...
compiling os_dbg.c...
compiling os_flag.c...
compiling os_int.c...
compiling os_mem.c...
compiling os_msg.c...
compiling os_mutex.c...
compiling os_pend_multi.c...
compiling os_prio.c...
compiling os_q.c...
compiling os_sem.c...
compiling os_stat.c...
compiling os_task.c...
compiling os_tick.c...
compiling os_time.c...
compiling os_tmr.c...
compiling os_var.c...
compiling os_cpu_c.c...
assembling os_cpu_a.asm...
compiling os_app_hooks.c...
linking...
Program Size: Code=88428 RO-data=103232 RW-data=1480 ZI-data=4268432  
FromELF: creating hex file...
".\Objects\STM32F429.axf" - 0 Error(s), 5 Warning(s).

<h2>Collection of Component include folders:</h2>
  C:\Users\Administrator\Desktop\emWin ±÷”\Project\RTE
  C:\Keil_v5\ARM\PACK\Keil\STM32F4xx_DFP\2.7.0

<h2>Collection of Component Files used:</h2>
</pre>
</body>
</html>
